[09:07:13] ────────────────────────────────────────────────────────────
[09:07:13]   🩺 VERIFICACIÓN DE ESTADO — 24/03/2026 09:07:13
[09:07:13] ────────────────────────────────────────────────────────────
[09:07:14] ✅ Servidor ACTIVO
[09:07:14] 📊 Versión MySQL: 8.0.43
[09:07:14] 
[09:07:14] 🔧 Configuración actual:
[09:07:14]   • bind_address: *
[09:07:14]   • port: 3306
[09:07:14]   • max_connections: 151
[09:07:14]   • wait_timeout: 28800
[09:07:14]   • interactive_timeout: 28800
[09:07:14] 
[09:07:14] 📈 Estadísticas de conexión:
[09:07:14]   • Threads_connected: 1
[09:07:14]   • Connections: 627
[09:07:14]   • Max_used_connections: 3
[09:07:14]   • Aborted_connects: 32
[09:07:14]   • Uptime: 6718
[09:07:20] ────────────────────────────────────────────────────────────
[09:07:20]   🧵 CONEXIONES ACTIVAS
[09:07:20] ────────────────────────────────────────────────────────────
[09:07:20] Total conexiones: 2
[09:07:20] ID      Usuario        Host                     DB             Estado      
[09:07:20] ───────────────────────────────────────────────────────────────────────────
[09:07:20] 5       event_schedulerlocalhost                N/A            Daemon      
[09:07:20] 628     root           DESKTOP-BJ8BGM2:51122    N/A            Query       
[09:07:28] ────────────────────────────────────────────────────────────
[09:07:28]   🪵 LOG DE ERRORES MySQL
[09:07:28] ────────────────────────────────────────────────────────────
[09:07:29] Archivo: .\DESKTOP-KVJ8QQ3.err
[09:07:29] Últimas 30 líneas:
[09:07:29] ────────────────────────────────────────────────────────────
[09:07:29] No se pudo leer el archivo: [Errno 2] No such file or directory: '.\\DESKTOP-KVJ8QQ3.err'
[09:07:29] Ruta del archivo: .\DESKTOP-KVJ8QQ3.err
[13:35:37] ────────────────────────────────────────────────────────────
[13:35:37]   🩺 VERIFICACIÓN DE ESTADO — 24/03/2026 13:35:37
[13:35:37] ────────────────────────────────────────────────────────────
[13:35:38] ✅ Servidor ACTIVO
[13:35:38] 📊 Versión MySQL: 8.0.43
[13:35:38] 
[13:35:38] 🔧 Configuración actual:
[13:35:38]   • bind_address: *
[13:35:38]   • port: 3306
[13:35:38]   • max_connections: 151
[13:35:38]   • wait_timeout: 28800
[13:35:38]   • interactive_timeout: 28800
[13:35:38] 
[13:35:38] 📈 Estadísticas de conexión:
[13:35:38]   • Threads_connected: 1
[13:35:38]   • Connections: 734
[13:35:38]   • Max_used_connections: 3
[13:35:38]   • Aborted_connects: 42
[13:35:38]   • Uptime: 22822
